Archive member included to satisfy reference by file (symbol)

C:/avr-toolchain/bin/../lib/gcc/avr/15.1.0/avr5\libgcc.a(_umulhisi3.o)
                              C:\Users\beshoy\Desktop\fire_detection_project_7\FIRMWARE\release\HAL\LM35\LM35_program.c.o (__umulhisi3)
C:/avr-toolchain/bin/../lib/gcc/avr/15.1.0/avr5\libgcc.a(_udivmodsi4.o)
                              C:\Users\beshoy\Desktop\fire_detection_project_7\FIRMWARE\release\APP\Safty_manager\Monitoring\Monitoring_Program.c.o (__udivmodsi4)
C:/avr-toolchain/bin/../lib/gcc/avr/15.1.0/avr5\libgcc.a(_exit.o)
                              C:/avr-toolchain/bin/../lib/gcc/avr/15.1.0/../../../../avr/lib/avr5/crtatmega32.o (exit)
C:/avr-toolchain/bin/../lib/gcc/avr/15.1.0/avr5\libgcc.a(_copy_data.o)
                              C:\Users\beshoy\Desktop\fire_detection_project_7\FIRMWARE\release\APP\Fire_detection\Emergency\Emergency_Program.c.o (__do_copy_data)
C:/avr-toolchain/bin/../lib/gcc/avr/15.1.0/avr5\libgcc.a(_clear_bss.o)
                              C:\Users\beshoy\Desktop\fire_detection_project_7\FIRMWARE\release\APP\Safty_manager\Monitoring\Monitoring_Program.c.o (__do_clear_bss)

There are no discarded input sections

Memory Configuration

Name             Origin             Length             Attributes
text             0x00000000         0x00008000         xr
data             0x00800060         0x00000800         rw!x
eeprom           0x00810000         0x00000400         rw!x
fuse             0x00820000         0x00000002         rw!x
lock             0x00830000         0x00000400         rw!x
signature        0x00840000         0x00000400         rw!x
user_signatures  0x00850000         0x00000400         rw!x
*default*        0x00000000         0xffffffff

Linker script and memory map

LOAD C:/avr-toolchain/bin/../lib/gcc/avr/15.1.0/../../../../avr/lib/avr5/crtatmega32.o
LOAD C:\Users\beshoy\Desktop\fire_detection_project_7\FIRMWARE\release\APP\Fire_detection\Emergency\Emergency_Program.c.o
LOAD C:\Users\beshoy\Desktop\fire_detection_project_7\FIRMWARE\release\APP\Fire_detection\Fire\Fire_Program.c.o
LOAD C:\Users\beshoy\Desktop\fire_detection_project_7\FIRMWARE\release\APP\Fire_detection\Normal\Normal_Program.c.o
LOAD C:\Users\beshoy\Desktop\fire_detection_project_7\FIRMWARE\release\APP\Fire_detection\Warning\Warning_Program.c.o
LOAD C:\Users\beshoy\Desktop\fire_detection_project_7\FIRMWARE\release\APP\main.c.o
LOAD C:\Users\beshoy\Desktop\fire_detection_project_7\FIRMWARE\release\APP\Safty_manager\EventLogger\EventLogger_Program.c.o
LOAD C:\Users\beshoy\Desktop\fire_detection_project_7\FIRMWARE\release\APP\Safty_manager\Monitoring\Monitoring_Program.c.o
LOAD C:\Users\beshoy\Desktop\fire_detection_project_7\FIRMWARE\release\APP\Safty_manager\Recovery\Recovery_Program.c.o
LOAD C:\Users\beshoy\Desktop\fire_detection_project_7\FIRMWARE\release\APP\Safty_manager\System\System_Program.c.o
LOAD C:\Users\beshoy\Desktop\fire_detection_project_7\FIRMWARE\release\HAL\BUTTON\BUTTON_program.c.o
LOAD C:\Users\beshoy\Desktop\fire_detection_project_7\FIRMWARE\release\HAL\BUZZER\BUZZER_program.c.o
LOAD C:\Users\beshoy\Desktop\fire_detection_project_7\FIRMWARE\release\HAL\LCD\LCD_program.c.o
LOAD C:\Users\beshoy\Desktop\fire_detection_project_7\FIRMWARE\release\HAL\LED\LED_program.c.o
LOAD C:\Users\beshoy\Desktop\fire_detection_project_7\FIRMWARE\release\HAL\LM35\LM35_program.c.o
LOAD C:\Users\beshoy\Desktop\fire_detection_project_7\FIRMWARE\release\HAL\MQ2\MQ2_program.c.o
LOAD C:\Users\beshoy\Desktop\fire_detection_project_7\FIRMWARE\release\MCAL\ADC\ADC_program.c.o
LOAD C:\Users\beshoy\Desktop\fire_detection_project_7\FIRMWARE\release\MCAL\DIO\DIO_program.c.o
LOAD C:\Users\beshoy\Desktop\fire_detection_project_7\FIRMWARE\release\MCAL\EXTI\EXTI_program.c.o
LOAD C:\Users\beshoy\Desktop\fire_detection_project_7\FIRMWARE\release\MCAL\GIE\GIE_Program.c.o
LOAD C:\Users\beshoy\Desktop\fire_detection_project_7\FIRMWARE\release\MCAL\TIMER\TIMER_program.c.o
LOAD C:\Users\beshoy\Desktop\fire_detection_project_7\FIRMWARE\release\MCAL\UART\UART_program.c.o
START GROUP
LOAD C:/avr-toolchain/bin/../lib/gcc/avr/15.1.0/avr5\libgcc.a
LOAD C:/avr-toolchain/bin/../lib/gcc/avr/15.1.0/../../../../avr/lib/avr5\libm.a
LOAD C:/avr-toolchain/bin/../lib/gcc/avr/15.1.0/../../../../avr/lib/avr5\libc.a
LOAD C:/avr-toolchain/bin/../lib/gcc/avr/15.1.0/../../../../avr/lib/avr5\libatmega32.a
END GROUP
                [0x00000000]                      __TEXT_REGION_ORIGIN__ = DEFINED (__TEXT_REGION_ORIGIN__)?__TEXT_REGION_ORIGIN__:0x0
                [0x00008000]                      __TEXT_REGION_LENGTH__ = DEFINED (__TEXT_REGION_LENGTH__)?__TEXT_REGION_LENGTH__:0x20000
                [0x00800060]                      __DATA_REGION_ORIGIN__ = DEFINED (__DATA_REGION_ORIGIN__)?__DATA_REGION_ORIGIN__:0x800060
                [0x00000800]                      __DATA_REGION_LENGTH__ = DEFINED (__DATA_REGION_LENGTH__)?__DATA_REGION_LENGTH__:0xffa0
                [0x00000400]                      __EEPROM_REGION_LENGTH__ = DEFINED (__EEPROM_REGION_LENGTH__)?__EEPROM_REGION_LENGTH__:0x10000
                [0x00000002]                      __FUSE_REGION_LENGTH__ = DEFINED (__FUSE_REGION_LENGTH__)?__FUSE_REGION_LENGTH__:0x400
                0x00000400                        __LOCK_REGION_LENGTH__ = DEFINED (__LOCK_REGION_LENGTH__)?__LOCK_REGION_LENGTH__:0x400
                0x00000400                        __SIGNATURE_REGION_LENGTH__ = DEFINED (__SIGNATURE_REGION_LENGTH__)?__SIGNATURE_REGION_LENGTH__:0x400
                0x00000400                        __USER_SIGNATURE_REGION_LENGTH__ = DEFINED (__USER_SIGNATURE_REGION_LENGTH__)?__USER_SIGNATURE_REGION_LENGTH__:0x400

.hash
 *(.hash)

.dynsym
 *(.dynsym)

.dynstr
 *(.dynstr)

.gnu.version
 *(.gnu.version)

.gnu.version_d
 *(.gnu.version_d)

.gnu.version_r
 *(.gnu.version_r)

.rel.init
 *(.rel.init)

.rela.init
 *(.rela.init)

.rel.text
 *(.rel.text)
 *(.rel.text.*)
 *(.rel.gnu.linkonce.t*)

.rela.text
 *(.rela.text)
 *(.rela.text.*)
 *(.rela.gnu.linkonce.t*)

.rel.fini
 *(.rel.fini)

.rela.fini
 *(.rela.fini)

.rel.rodata
 *(.rel.rodata)
 *(.rel.rodata.*)
 *(.rel.gnu.linkonce.r*)

.rela.rodata
 *(.rela.rodata)
 *(.rela.rodata.*)
 *(.rela.gnu.linkonce.r*)

.rel.data
 *(.rel.data)
 *(.rel.data.*)
 *(.rel.gnu.linkonce.d*)

.rela.data
 *(.rela.data)
 *(.rela.data.*)
 *(.rela.gnu.linkonce.d*)

.rel.ctors
 *(.rel.ctors)

.rela.ctors
 *(.rela.ctors)

.rel.dtors
 *(.rel.dtors)

.rela.dtors
 *(.rela.dtors)

.rel.got
 *(.rel.got)

.rela.got
 *(.rela.got)

.rel.bss
 *(.rel.bss)

.rela.bss
 *(.rela.bss)

.rel.plt
 *(.rel.plt)

.rela.plt
 *(.rela.plt)

.text           0x00000000     0x1372
 *(.vectors)
 .vectors       0x00000000       0x54 C:/avr-toolchain/bin/../lib/gcc/avr/15.1.0/../../../../avr/lib/avr5/crtatmega32.o
                0x00000000                __vector_default
                0x00000000                __vectors
 *(.vectors)
 *(.progmem.gcc*)
                0x00000054                        . = ALIGN (0x2)
                0x00000054                        __trampolines_start = .
 *(.trampolines)
 .trampolines   0x00000054        0x0 linker stubs
 *(.trampolines*)
                0x00000054                        __trampolines_end = .
 *libprintf_flt.a:*(.progmem.data)
 *libc.a:*(.progmem.data)
 *(.progmem.*)
                0x00000054                        . = ALIGN (0x2)
 *(.lowtext)
 *(.lowtext*)
                0x00000054                        __ctors_start = .
 *(.ctors)
                0x00000054                        __ctors_end = .
                0x00000054                        __dtors_start = .
 *(.dtors)
                0x00000054                        __dtors_end = .
 SORT_BY_NAME(*)(.ctors)
 SORT_BY_NAME(*)(.dtors)
 *(.init0)
 .init0         0x00000054        0x0 C:/avr-toolchain/bin/../lib/gcc/avr/15.1.0/../../../../avr/lib/avr5/crtatmega32.o
                0x00000054                __init
 *(.init0)
 *(.init1)
 *(.init1)
 *(.init2)
 .init2         0x00000054        0xc C:/avr-toolchain/bin/../lib/gcc/avr/15.1.0/../../../../avr/lib/avr5/crtatmega32.o
 *(.init2)
 *(.init3)
 *(.init3)
 *(.init4)
 .init4         0x00000060       0x16 C:/avr-toolchain/bin/../lib/gcc/avr/15.1.0/avr5\libgcc.a(_copy_data.o)
                0x00000060                __do_copy_data
 .init4         0x00000076       0x10 C:/avr-toolchain/bin/../lib/gcc/avr/15.1.0/avr5\libgcc.a(_clear_bss.o)
                0x00000076                __do_clear_bss
 *(.init4)
 *(.init5)
 *(.init5)
 *(.init6)
 *(.init6)
 *(.init7)
 *(.init7)
 *(.init8)
 *(.init8)
 *(.init9)
 .init9         0x00000086        0x8 C:/avr-toolchain/bin/../lib/gcc/avr/15.1.0/../../../../avr/lib/avr5/crtatmega32.o
 *(.init9)
 *(.text)
 .text          0x0000008e        0x4 C:/avr-toolchain/bin/../lib/gcc/avr/15.1.0/../../../../avr/lib/avr5/crtatmega32.o
                0x0000008e                __vector_12
                0x0000008e                __bad_interrupt
                0x0000008e                __vector_6
                0x0000008e                __vector_3
                0x0000008e                __vector_13
                0x0000008e                __vector_17
                0x0000008e                __vector_19
                0x0000008e                __vector_7
                0x0000008e                __vector_5
                0x0000008e                __vector_4
                0x0000008e                __vector_9
                0x0000008e                __vector_2
                0x0000008e                __vector_15
                0x0000008e                __vector_8
                0x0000008e                __vector_14
                0x0000008e                __vector_16
                0x0000008e                __vector_18
                0x0000008e                __vector_20
 .text          0x00000092       0x50 C:\Users\beshoy\Desktop\fire_detection_project_7\FIRMWARE\release\APP\Fire_detection\Emergency\Emergency_Program.c.o
                0x00000092                EMERGENCY_voidRun
 .text          0x000000e2       0x4e C:\Users\beshoy\Desktop\fire_detection_project_7\FIRMWARE\release\APP\Fire_detection\Fire\Fire_Program.c.o
                0x000000e2                FIRE_voidRun
 .text          0x00000130       0x40 C:\Users\beshoy\Desktop\fire_detection_project_7\FIRMWARE\release\APP\Fire_detection\Normal\Normal_Program.c.o
                0x00000130                NORMAL_voidRun
 .text          0x00000170       0x44 C:\Users\beshoy\Desktop\fire_detection_project_7\FIRMWARE\release\APP\Fire_detection\Warning\Warning_Program.c.o
                0x00000170                WARNING_voidRun
 .text          0x000001b4        0x0 C:\Users\beshoy\Desktop\fire_detection_project_7\FIRMWARE\release\APP\main.c.o
 .text          0x000001b4       0xa4 C:\Users\beshoy\Desktop\fire_detection_project_7\FIRMWARE\release\APP\Safty_manager\EventLogger\EventLogger_Program.c.o
                0x000001b4                EVENTLOGGER_init
                0x000001f8                EVENTLOGGER_normal
                0x00000230                EVENTLOGGER_warning
                0x00000238                EVENTLOGGER_fire
                0x00000240                EVENTLOGGER_acknowledged
                0x00000248                EVENTLOGGER_reset
                0x00000250                EVENTLOGGER_emergency
 .text          0x00000258      0x21c C:\Users\beshoy\Desktop\fire_detection_project_7\FIRMWARE\release\APP\Safty_manager\Monitoring\Monitoring_Program.c.o
                0x00000258                MONITORING_update
                0x00000440                MONITROING_init
                0x00000460                MONITORING_get_values
 .text          0x00000474       0x4c C:\Users\beshoy\Desktop\fire_detection_project_7\FIRMWARE\release\APP\Safty_manager\Recovery\Recovery_Program.c.o
                0x00000474                RECOVERY_init
                0x0000049a                RECOVERY_update
 .text          0x000004c0       0x6a C:\Users\beshoy\Desktop\fire_detection_project_7\FIRMWARE\release\APP\Safty_manager\System\System_Program.c.o
                0x000004c0                SYSTEM_init
                0x00000528                SYSTEM_update
 .text          0x0000052a       0x26 C:\Users\beshoy\Desktop\fire_detection_project_7\FIRMWARE\release\HAL\BUTTON\BUTTON_program.c.o
                0x0000052a                BUTTON_init
                0x0000053e                BUTTON_GetState
 .text          0x00000550       0x3e C:\Users\beshoy\Desktop\fire_detection_project_7\FIRMWARE\release\HAL\BUZZER\BUZZER_program.c.o
                0x00000550                BUZZER_init
                0x00000564                BUZZER_On
                0x0000056e                BUZZER_Off
                0x00000578                BUZZER_Toggle
 .text          0x0000058e      0x520 C:\Users\beshoy\Desktop\fire_detection_project_7\FIRMWARE\release\HAL\LCD\LCD_program.c.o
                0x0000064c                LCD_WriteData
                0x0000072a                LCD_WriteCommand
                0x00000786                LCD_INIT
                0x00000942                LCD_WriteString
                0x00000986                LCD_GoToXY
                0x000009f6                LCD_WriteNUMBER
 .text          0x00000aae       0xac C:\Users\beshoy\Desktop\fire_detection_project_7\FIRMWARE\release\HAL\LED\LED_program.c.o
                0x00000aae                LED_initialization
                0x00000acc                LED_SetStatus
 .text          0x00000b5a       0x54 C:\Users\beshoy\Desktop\fire_detection_project_7\FIRMWARE\release\HAL\LM35\LM35_program.c.o
                0x00000b5a                LM35_init
                0x00000b70                LM35_get_temperature
 .text          0x00000bae       0x44 C:\Users\beshoy\Desktop\fire_detection_project_7\FIRMWARE\release\HAL\MQ2\MQ2_program.c.o
                0x00000bae                MQ2_init
                0x00000bc4                MQ2_read_smoke
 .text          0x00000bf2       0x80 C:\Users\beshoy\Desktop\fire_detection_project_7\FIRMWARE\release\MCAL\ADC\ADC_program.c.o
                0x00000bf2                ADC_Init
                0x00000c2e                ADC_Enable
                0x00000c32                ADC_Disable
                0x00000c36                ADC_Adjust
                0x00000c46                ADC_Channel
                0x00000c50                ADC_StartConversion
                0x00000c58                ADC_Prescaler
                0x00000c62                ADC_ReadResult
 .text          0x00000c72      0x1b0 C:\Users\beshoy\Desktop\fire_detection_project_7\FIRMWARE\release\MCAL\DIO\DIO_program.c.o
                0x00000c72                DIO_set_pin_direction
                0x00000ce8                DIO_set_pin_value
                0x00000d5e                DIO_get_pin_value
                0x00000dbe                DIO_set_group_direction
                0x00000dde                DIO_set_group_value
                0x00000dfe                DIO_get_group_value
 .text          0x00000e22      0x166 C:\Users\beshoy\Desktop\fire_detection_project_7\FIRMWARE\release\MCAL\EXTI\EXTI_program.c.o
                0x00000e22                EXTI_Init
                0x00000edc                EXTI_Enable
                0x00000f02                EXTI_Disable
                0x00000f28                EXTI_set_call_back
                0x00000f36                __vector_1
 .text          0x00000f88       0x10 C:\Users\beshoy\Desktop\fire_detection_project_7\FIRMWARE\release\MCAL\GIE\GIE_Program.c.o
                0x00000f88                GIE_Enable
                0x00000f90                GIE_Disable
 .text          0x00000f98      0x11e C:\Users\beshoy\Desktop\fire_detection_project_7\FIRMWARE\release\MCAL\TIMER\TIMER_program.c.o
                0x00000f98                TIMER0_init
                0x00000fcc                TIMER0_start
                0x00000fda                TIMER0_stop
                0x00000fe2                TIMER0_set_preload
                0x00000fe6                TIMER0_set_compare_match
                0x00000fea                TIMER0_set_call_back_fucntion
                0x00001012                __vector_10
                0x00001064                __vector_11
 .text          0x000010b6      0x24c C:\Users\beshoy\Desktop\fire_detection_project_7\FIRMWARE\release\MCAL\UART\UART_program.c.o
                0x000010b6                UART_Init
                0x00001216                UART_SendBytePolling
                0x00001234                UART_ReceiveBytePolling
                0x00001250                UART_SendStringPolling
                0x0000127a                UART_ReceiveStringPolling
                0x000012cc                UART_SendBufferPolling
                0x000012f2                UART_EnableRX
                0x000012f6                UART_EnableTX
                0x000012fa                UART_DisableRX
                0x000012fe                UART_DisableTX
 .text          0x00001302        0x0 C:/avr-toolchain/bin/../lib/gcc/avr/15.1.0/avr5\libgcc.a(_umulhisi3.o)
 .text          0x00001302        0x0 C:/avr-toolchain/bin/../lib/gcc/avr/15.1.0/avr5\libgcc.a(_udivmodsi4.o)
 .text          0x00001302        0x0 C:/avr-toolchain/bin/../lib/gcc/avr/15.1.0/avr5\libgcc.a(_exit.o)
 .text          0x00001302        0x0 C:/avr-toolchain/bin/../lib/gcc/avr/15.1.0/avr5\libgcc.a(_copy_data.o)
 .text          0x00001302        0x0 C:/avr-toolchain/bin/../lib/gcc/avr/15.1.0/avr5\libgcc.a(_clear_bss.o)
                0x00001302                        . = ALIGN (0x2)
 *(.text.*)
 .text.startup  0x00001302        0xa C:\Users\beshoy\Desktop\fire_detection_project_7\FIRMWARE\release\APP\main.c.o
                0x00001302                main
 .text.libgcc.mul
                0x0000130c       0x1e C:/avr-toolchain/bin/../lib/gcc/avr/15.1.0/avr5\libgcc.a(_umulhisi3.o)
                0x0000130c                __umulhisi3
 .text.libgcc.div
                0x0000132a        0x0 C:/avr-toolchain/bin/../lib/gcc/avr/15.1.0/avr5\libgcc.a(_umulhisi3.o)
 .text.libgcc   0x0000132a        0x0 C:/avr-toolchain/bin/../lib/gcc/avr/15.1.0/avr5\libgcc.a(_umulhisi3.o)
 .text.libgcc.prologue
                0x0000132a        0x0 C:/avr-toolchain/bin/../lib/gcc/avr/15.1.0/avr5\libgcc.a(_umulhisi3.o)
 .text.libgcc.builtins
                0x0000132a        0x0 C:/avr-toolchain/bin/../lib/gcc/avr/15.1.0/avr5\libgcc.a(_umulhisi3.o)
 .text.libgcc.fmul
                0x0000132a        0x0 C:/avr-toolchain/bin/../lib/gcc/avr/15.1.0/avr5\libgcc.a(_umulhisi3.o)
 .text.libgcc.fixed
                0x0000132a        0x0 C:/avr-toolchain/bin/../lib/gcc/avr/15.1.0/avr5\libgcc.a(_umulhisi3.o)
 .text.libgcc.mul
                0x0000132a        0x0 C:/avr-toolchain/bin/../lib/gcc/avr/15.1.0/avr5\libgcc.a(_udivmodsi4.o)
 .text.libgcc.div
                0x0000132a       0x44 C:/avr-toolchain/bin/../lib/gcc/avr/15.1.0/avr5\libgcc.a(_udivmodsi4.o)
                0x0000132a                __udivmodsi4
 .text.libgcc   0x0000136e        0x0 C:/avr-toolchain/bin/../lib/gcc/avr/15.1.0/avr5\libgcc.a(_udivmodsi4.o)
 .text.libgcc.prologue
                0x0000136e        0x0 C:/avr-toolchain/bin/../lib/gcc/avr/15.1.0/avr5\libgcc.a(_udivmodsi4.o)
 .text.libgcc.builtins
                0x0000136e        0x0 C:/avr-toolchain/bin/../lib/gcc/avr/15.1.0/avr5\libgcc.a(_udivmodsi4.o)
 .text.libgcc.fmul
                0x0000136e        0x0 C:/avr-toolchain/bin/../lib/gcc/avr/15.1.0/avr5\libgcc.a(_udivmodsi4.o)
 .text.libgcc.fixed
                0x0000136e        0x0 C:/avr-toolchain/bin/../lib/gcc/avr/15.1.0/avr5\libgcc.a(_udivmodsi4.o)
 .text.libgcc.mul
                0x0000136e        0x0 C:/avr-toolchain/bin/../lib/gcc/avr/15.1.0/avr5\libgcc.a(_exit.o)
 .text.libgcc.div
                0x0000136e        0x0 C:/avr-toolchain/bin/../lib/gcc/avr/15.1.0/avr5\libgcc.a(_exit.o)
 .text.libgcc   0x0000136e        0x0 C:/avr-toolchain/bin/../lib/gcc/avr/15.1.0/avr5\libgcc.a(_exit.o)
 .text.libgcc.prologue
                0x0000136e        0x0 C:/avr-toolchain/bin/../lib/gcc/avr/15.1.0/avr5\libgcc.a(_exit.o)
 .text.libgcc.builtins
                0x0000136e        0x0 C:/avr-toolchain/bin/../lib/gcc/avr/15.1.0/avr5\libgcc.a(_exit.o)
 .text.libgcc.fmul
                0x0000136e        0x0 C:/avr-toolchain/bin/../lib/gcc/avr/15.1.0/avr5\libgcc.a(_exit.o)
 .text.libgcc.fixed
                0x0000136e        0x0 C:/avr-toolchain/bin/../lib/gcc/avr/15.1.0/avr5\libgcc.a(_exit.o)
 .text.libgcc.mul
                0x0000136e        0x0 C:/avr-toolchain/bin/../lib/gcc/avr/15.1.0/avr5\libgcc.a(_copy_data.o)
 .text.libgcc.div
                0x0000136e        0x0 C:/avr-toolchain/bin/../lib/gcc/avr/15.1.0/avr5\libgcc.a(_copy_data.o)
 .text.libgcc   0x0000136e        0x0 C:/avr-toolchain/bin/../lib/gcc/avr/15.1.0/avr5\libgcc.a(_copy_data.o)
 .text.libgcc.prologue
                0x0000136e        0x0 C:/avr-toolchain/bin/../lib/gcc/avr/15.1.0/avr5\libgcc.a(_copy_data.o)
 .text.libgcc.builtins
                0x0000136e        0x0 C:/avr-toolchain/bin/../lib/gcc/avr/15.1.0/avr5\libgcc.a(_copy_data.o)
 .text.libgcc.fmul
                0x0000136e        0x0 C:/avr-toolchain/bin/../lib/gcc/avr/15.1.0/avr5\libgcc.a(_copy_data.o)
 .text.libgcc.fixed
                0x0000136e        0x0 C:/avr-toolchain/bin/../lib/gcc/avr/15.1.0/avr5\libgcc.a(_copy_data.o)
 .text.libgcc.mul
                0x0000136e        0x0 C:/avr-toolchain/bin/../lib/gcc/avr/15.1.0/avr5\libgcc.a(_clear_bss.o)
 .text.libgcc.div
                0x0000136e        0x0 C:/avr-toolchain/bin/../lib/gcc/avr/15.1.0/avr5\libgcc.a(_clear_bss.o)
 .text.libgcc   0x0000136e        0x0 C:/avr-toolchain/bin/../lib/gcc/avr/15.1.0/avr5\libgcc.a(_clear_bss.o)
 .text.libgcc.prologue
                0x0000136e        0x0 C:/avr-toolchain/bin/../lib/gcc/avr/15.1.0/avr5\libgcc.a(_clear_bss.o)
 .text.libgcc.builtins
                0x0000136e        0x0 C:/avr-toolchain/bin/../lib/gcc/avr/15.1.0/avr5\libgcc.a(_clear_bss.o)
 .text.libgcc.fmul
                0x0000136e        0x0 C:/avr-toolchain/bin/../lib/gcc/avr/15.1.0/avr5\libgcc.a(_clear_bss.o)
 .text.libgcc.fixed
                0x0000136e        0x0 C:/avr-toolchain/bin/../lib/gcc/avr/15.1.0/avr5\libgcc.a(_clear_bss.o)
                0x0000136e                        . = ALIGN (0x2)
 *(.fini9)
 .fini9         0x0000136e        0x0 C:/avr-toolchain/bin/../lib/gcc/avr/15.1.0/avr5\libgcc.a(_exit.o)
                0x0000136e                _exit
                0x0000136e                exit
 *(.fini9)
 *(.fini8)
 *(.fini8)
 *(.fini7)
 *(.fini7)
 *(.fini6)
 *(.fini6)
 *(.fini5)
 *(.fini5)
 *(.fini4)
 *(.fini4)
 *(.fini3)
 *(.fini3)
 *(.fini2)
 *(.fini2)
 *(.fini1)
 *(.fini1)
 *(.fini0)
 .fini0         0x0000136e        0x4 C:/avr-toolchain/bin/../lib/gcc/avr/15.1.0/avr5\libgcc.a(_exit.o)
 *(.fini0)
 *(.hightext)
 *(.hightext*)
 *(.progmemx.*)
                0x00001372                        . = ALIGN (0x2)
 *(.jumptables)
 *(.jumptables*)
                0x00001372                        _etext = .

.data           0x00800060       0xe4 load address 0x00001372
                0x00800060                        PROVIDE (__data_start = .)
 *(.data)
 .data          0x00800060        0x0 C:/avr-toolchain/bin/../lib/gcc/avr/15.1.0/../../../../avr/lib/avr5/crtatmega32.o
 .data          0x00800060        0x0 C:\Users\beshoy\Desktop\fire_detection_project_7\FIRMWARE\release\APP\Fire_detection\Emergency\Emergency_Program.c.o
 .data          0x00800060        0x0 C:\Users\beshoy\Desktop\fire_detection_project_7\FIRMWARE\release\APP\Fire_detection\Fire\Fire_Program.c.o
 .data          0x00800060        0x0 C:\Users\beshoy\Desktop\fire_detection_project_7\FIRMWARE\release\APP\Fire_detection\Normal\Normal_Program.c.o
 .data          0x00800060        0x0 C:\Users\beshoy\Desktop\fire_detection_project_7\FIRMWARE\release\APP\Fire_detection\Warning\Warning_Program.c.o
 .data          0x00800060        0x0 C:\Users\beshoy\Desktop\fire_detection_project_7\FIRMWARE\release\APP\main.c.o
 .data          0x00800060        0xa C:\Users\beshoy\Desktop\fire_detection_project_7\FIRMWARE\release\APP\Safty_manager\EventLogger\EventLogger_Program.c.o
                0x00800060                Uart_Config_event_logger
 .data          0x0080006a        0x3 C:\Users\beshoy\Desktop\fire_detection_project_7\FIRMWARE\release\APP\Safty_manager\Monitoring\Monitoring_Program.c.o
                0x0080006a                config_timer
 .data          0x0080006d        0x0 C:\Users\beshoy\Desktop\fire_detection_project_7\FIRMWARE\release\APP\Safty_manager\Recovery\Recovery_Program.c.o
 .data          0x0080006d        0x0 C:\Users\beshoy\Desktop\fire_detection_project_7\FIRMWARE\release\APP\Safty_manager\System\System_Program.c.o
 .data          0x0080006d        0x0 C:\Users\beshoy\Desktop\fire_detection_project_7\FIRMWARE\release\HAL\BUTTON\BUTTON_program.c.o
 .data          0x0080006d        0x0 C:\Users\beshoy\Desktop\fire_detection_project_7\FIRMWARE\release\HAL\BUZZER\BUZZER_program.c.o
 .data          0x0080006d        0x0 C:\Users\beshoy\Desktop\fire_detection_project_7\FIRMWARE\release\HAL\LCD\LCD_program.c.o
 .data          0x0080006d        0x0 C:\Users\beshoy\Desktop\fire_detection_project_7\FIRMWARE\release\HAL\LED\LED_program.c.o
 .data          0x0080006d        0x0 C:\Users\beshoy\Desktop\fire_detection_project_7\FIRMWARE\release\HAL\LM35\LM35_program.c.o
 .data          0x0080006d        0x0 C:\Users\beshoy\Desktop\fire_detection_project_7\FIRMWARE\release\HAL\MQ2\MQ2_program.c.o
 .data          0x0080006d        0x0 C:\Users\beshoy\Desktop\fire_detection_project_7\FIRMWARE\release\MCAL\ADC\ADC_program.c.o
 .data          0x0080006d        0x0 C:\Users\beshoy\Desktop\fire_detection_project_7\FIRMWARE\release\MCAL\DIO\DIO_program.c.o
 .data          0x0080006d        0x0 C:\Users\beshoy\Desktop\fire_detection_project_7\FIRMWARE\release\MCAL\EXTI\EXTI_program.c.o
 .data          0x0080006d        0x0 C:\Users\beshoy\Desktop\fire_detection_project_7\FIRMWARE\release\MCAL\GIE\GIE_Program.c.o
 .data          0x0080006d        0x0 C:\Users\beshoy\Desktop\fire_detection_project_7\FIRMWARE\release\MCAL\TIMER\TIMER_program.c.o
 .data          0x0080006d        0x0 C:\Users\beshoy\Desktop\fire_detection_project_7\FIRMWARE\release\MCAL\UART\UART_program.c.o
 .data          0x0080006d        0x0 C:/avr-toolchain/bin/../lib/gcc/avr/15.1.0/avr5\libgcc.a(_umulhisi3.o)
 .data          0x0080006d        0x0 C:/avr-toolchain/bin/../lib/gcc/avr/15.1.0/avr5\libgcc.a(_udivmodsi4.o)
 .data          0x0080006d        0x0 C:/avr-toolchain/bin/../lib/gcc/avr/15.1.0/avr5\libgcc.a(_exit.o)
 .data          0x0080006d        0x0 C:/avr-toolchain/bin/../lib/gcc/avr/15.1.0/avr5\libgcc.a(_copy_data.o)
 .data          0x0080006d        0x0 C:/avr-toolchain/bin/../lib/gcc/avr/15.1.0/avr5\libgcc.a(_clear_bss.o)
 *(.data*)
 *(.gnu.linkonce.d*)
 *(.rodata)
 *(.rodata*)
 .rodata.str1.1
                0x0080006d       0xd6 C:\Users\beshoy\Desktop\fire_detection_project_7\FIRMWARE\release\APP\Fire_detection\Emergency\Emergency_Program.c.o
                                  0xe (size before relaxing)
 .rodata.str1.1
                0x00800143        0x9 C:\Users\beshoy\Desktop\fire_detection_project_7\FIRMWARE\release\APP\Fire_detection\Fire\Fire_Program.c.o
 .rodata.str1.1
                0x00800143       0x8b C:\Users\beshoy\Desktop\fire_detection_project_7\FIRMWARE\release\APP\Safty_manager\EventLogger\EventLogger_Program.c.o
 .rodata.str1.1
                0x00800143        0xe C:\Users\beshoy\Desktop\fire_detection_project_7\FIRMWARE\release\APP\Safty_manager\Monitoring\Monitoring_Program.c.o
 .rodata.str1.1
                0x00800143       0x2d C:\Users\beshoy\Desktop\fire_detection_project_7\FIRMWARE\release\APP\Safty_manager\Recovery\Recovery_Program.c.o
 .rodata.str1.1
                0x00800143       0x20 C:\Users\beshoy\Desktop\fire_detection_project_7\FIRMWARE\release\APP\Safty_manager\System\System_Program.c.o
 *(.gnu.linkonce.r*)
                0x008001ce                        . = ALIGN (0x2)
 *fill*         0x00800143        0x1 
                0x00800144                        _edata = .
                0x00800144                        PROVIDE (__data_end = .)

.bss            0x00800144       0x18
                0x00800144                        PROVIDE (__bss_start = .)
 *(.bss)
 .bss           0x00800144        0x0 C:/avr-toolchain/bin/../lib/gcc/avr/15.1.0/../../../../avr/lib/avr5/crtatmega32.o
 .bss           0x00800144        0x0 C:\Users\beshoy\Desktop\fire_detection_project_7\FIRMWARE\release\APP\Fire_detection\Emergency\Emergency_Program.c.o
 .bss           0x00800144        0x0 C:\Users\beshoy\Desktop\fire_detection_project_7\FIRMWARE\release\APP\Fire_detection\Fire\Fire_Program.c.o
 .bss           0x00800144        0x0 C:\Users\beshoy\Desktop\fire_detection_project_7\FIRMWARE\release\APP\Fire_detection\Normal\Normal_Program.c.o
 .bss           0x00800144        0x0 C:\Users\beshoy\Desktop\fire_detection_project_7\FIRMWARE\release\APP\Fire_detection\Warning\Warning_Program.c.o
 .bss           0x00800144        0x0 C:\Users\beshoy\Desktop\fire_detection_project_7\FIRMWARE\release\APP\main.c.o
 .bss           0x00800144        0x0 C:\Users\beshoy\Desktop\fire_detection_project_7\FIRMWARE\release\APP\Safty_manager\EventLogger\EventLogger_Program.c.o
 .bss           0x00800144        0x8 C:\Users\beshoy\Desktop\fire_detection_project_7\FIRMWARE\release\APP\Safty_manager\Monitoring\Monitoring_Program.c.o
 .bss           0x0080014c        0x0 C:\Users\beshoy\Desktop\fire_detection_project_7\FIRMWARE\release\APP\Safty_manager\Recovery\Recovery_Program.c.o
 .bss           0x0080014c        0x0 C:\Users\beshoy\Desktop\fire_detection_project_7\FIRMWARE\release\APP\Safty_manager\System\System_Program.c.o
 .bss           0x0080014c        0x0 C:\Users\beshoy\Desktop\fire_detection_project_7\FIRMWARE\release\HAL\BUTTON\BUTTON_program.c.o
 .bss           0x0080014c        0x0 C:\Users\beshoy\Desktop\fire_detection_project_7\FIRMWARE\release\HAL\BUZZER\BUZZER_program.c.o
 .bss           0x0080014c        0x0 C:\Users\beshoy\Desktop\fire_detection_project_7\FIRMWARE\release\HAL\LCD\LCD_program.c.o
 .bss           0x0080014c        0x0 C:\Users\beshoy\Desktop\fire_detection_project_7\FIRMWARE\release\HAL\LED\LED_program.c.o
 .bss           0x0080014c        0x0 C:\Users\beshoy\Desktop\fire_detection_project_7\FIRMWARE\release\HAL\LM35\LM35_program.c.o
 .bss           0x0080014c        0x0 C:\Users\beshoy\Desktop\fire_detection_project_7\FIRMWARE\release\HAL\MQ2\MQ2_program.c.o
 .bss           0x0080014c        0x0 C:\Users\beshoy\Desktop\fire_detection_project_7\FIRMWARE\release\MCAL\ADC\ADC_program.c.o
 .bss           0x0080014c        0x0 C:\Users\beshoy\Desktop\fire_detection_project_7\FIRMWARE\release\MCAL\DIO\DIO_program.c.o
 .bss           0x0080014c        0x2 C:\Users\beshoy\Desktop\fire_detection_project_7\FIRMWARE\release\MCAL\EXTI\EXTI_program.c.o
 .bss           0x0080014e        0x0 C:\Users\beshoy\Desktop\fire_detection_project_7\FIRMWARE\release\MCAL\GIE\GIE_Program.c.o
 .bss           0x0080014e        0x4 C:\Users\beshoy\Desktop\fire_detection_project_7\FIRMWARE\release\MCAL\TIMER\TIMER_program.c.o
 .bss           0x00800152        0xa C:\Users\beshoy\Desktop\fire_detection_project_7\FIRMWARE\release\MCAL\UART\UART_program.c.o
 .bss           0x0080015c        0x0 C:/avr-toolchain/bin/../lib/gcc/avr/15.1.0/avr5\libgcc.a(_umulhisi3.o)
 .bss           0x0080015c        0x0 C:/avr-toolchain/bin/../lib/gcc/avr/15.1.0/avr5\libgcc.a(_udivmodsi4.o)
 .bss           0x0080015c        0x0 C:/avr-toolchain/bin/../lib/gcc/avr/15.1.0/avr5\libgcc.a(_exit.o)
 .bss           0x0080015c        0x0 C:/avr-toolchain/bin/../lib/gcc/avr/15.1.0/avr5\libgcc.a(_copy_data.o)
 .bss           0x0080015c        0x0 C:/avr-toolchain/bin/../lib/gcc/avr/15.1.0/avr5\libgcc.a(_clear_bss.o)
 *(.bss*)
 *(COMMON)
                0x0080015c                        PROVIDE (__bss_end = .)
                0x00001372                        __data_load_start = LOADADDR (.data)
                0x00001456                        __data_load_end = (__data_load_start + SIZEOF (.data))

.noinit         0x0080015c        0x0
                [!provide]                        PROVIDE (__noinit_start = .)
 *(.noinit .noinit.* .gnu.linkonce.n.*)
                [!provide]                        PROVIDE (__noinit_end = .)
                0x0080015c                        _end = .
                [!provide]                        PROVIDE (__heap_start = .)
                0x00000000                        __flmap_init_label = DEFINED (__flmap_noinit_start)?__flmap_noinit_start:0x0
                0x00000000                        __flmap = DEFINED (__flmap)?__flmap:0x0

.eeprom         0x00810000        0x0
 *(.eeprom*)
                0x00810000                        __eeprom_end = .

.fuse
 *(.fuse)
 *(.lfuse)
 *(.hfuse)
 *(.efuse)

.lock
 *(.lock*)

.signature
 *(.signature*)

.stab
 *(.stab)

.stabstr
 *(.stabstr)

.stab.excl
 *(.stab.excl)

.stab.exclstr
 *(.stab.exclstr)

.stab.index
 *(.stab.index)

.stab.indexstr
 *(.stab.indexstr)

.comment        0x00000000       0x2f
 *(.comment)
 .comment       0x00000000       0x2f C:\Users\beshoy\Desktop\fire_detection_project_7\FIRMWARE\release\APP\Fire_detection\Emergency\Emergency_Program.c.o
                                 0x30 (size before relaxing)
 .comment       0x0000002f       0x30 C:\Users\beshoy\Desktop\fire_detection_project_7\FIRMWARE\release\APP\Fire_detection\Fire\Fire_Program.c.o
 .comment       0x0000002f       0x30 C:\Users\beshoy\Desktop\fire_detection_project_7\FIRMWARE\release\APP\Fire_detection\Normal\Normal_Program.c.o
 .comment       0x0000002f       0x30 C:\Users\beshoy\Desktop\fire_detection_project_7\FIRMWARE\release\APP\Fire_detection\Warning\Warning_Program.c.o
 .comment       0x0000002f       0x30 C:\Users\beshoy\Desktop\fire_detection_project_7\FIRMWARE\release\APP\main.c.o
 .comment       0x0000002f       0x30 C:\Users\beshoy\Desktop\fire_detection_project_7\FIRMWARE\release\APP\Safty_manager\EventLogger\EventLogger_Program.c.o
 .comment       0x0000002f       0x30 C:\Users\beshoy\Desktop\fire_detection_project_7\FIRMWARE\release\APP\Safty_manager\Monitoring\Monitoring_Program.c.o
 .comment       0x0000002f       0x30 C:\Users\beshoy\Desktop\fire_detection_project_7\FIRMWARE\release\APP\Safty_manager\Recovery\Recovery_Program.c.o
 .comment       0x0000002f       0x30 C:\Users\beshoy\Desktop\fire_detection_project_7\FIRMWARE\release\APP\Safty_manager\System\System_Program.c.o
 .comment       0x0000002f       0x30 C:\Users\beshoy\Desktop\fire_detection_project_7\FIRMWARE\release\HAL\BUTTON\BUTTON_program.c.o
 .comment       0x0000002f       0x30 C:\Users\beshoy\Desktop\fire_detection_project_7\FIRMWARE\release\HAL\BUZZER\BUZZER_program.c.o
 .comment       0x0000002f       0x30 C:\Users\beshoy\Desktop\fire_detection_project_7\FIRMWARE\release\HAL\LCD\LCD_program.c.o
 .comment       0x0000002f       0x30 C:\Users\beshoy\Desktop\fire_detection_project_7\FIRMWARE\release\HAL\LED\LED_program.c.o
 .comment       0x0000002f       0x30 C:\Users\beshoy\Desktop\fire_detection_project_7\FIRMWARE\release\HAL\LM35\LM35_program.c.o
 .comment       0x0000002f       0x30 C:\Users\beshoy\Desktop\fire_detection_project_7\FIRMWARE\release\HAL\MQ2\MQ2_program.c.o
 .comment       0x0000002f       0x30 C:\Users\beshoy\Desktop\fire_detection_project_7\FIRMWARE\release\MCAL\ADC\ADC_program.c.o
 .comment       0x0000002f       0x30 C:\Users\beshoy\Desktop\fire_detection_project_7\FIRMWARE\release\MCAL\DIO\DIO_program.c.o
 .comment       0x0000002f       0x30 C:\Users\beshoy\Desktop\fire_detection_project_7\FIRMWARE\release\MCAL\EXTI\EXTI_program.c.o
 .comment       0x0000002f       0x30 C:\Users\beshoy\Desktop\fire_detection_project_7\FIRMWARE\release\MCAL\GIE\GIE_Program.c.o
 .comment       0x0000002f       0x30 C:\Users\beshoy\Desktop\fire_detection_project_7\FIRMWARE\release\MCAL\TIMER\TIMER_program.c.o
 .comment       0x0000002f       0x30 C:\Users\beshoy\Desktop\fire_detection_project_7\FIRMWARE\release\MCAL\UART\UART_program.c.o

.note.gnu.avr.deviceinfo
                0x00000000       0x3c
 .note.gnu.avr.deviceinfo
                0x00000000       0x3c C:/avr-toolchain/bin/../lib/gcc/avr/15.1.0/../../../../avr/lib/avr5/crtatmega32.o

.gnu.build.attributes
 *(.gnu.build.attributes .gnu.build.attributes.*)

.note.gnu.build-id
 *(.note.gnu.build-id)

.debug
 *(.debug)

.line
 *(.line)

.debug_srcinfo
 *(.debug_srcinfo)

.debug_sfnames
 *(.debug_sfnames)

.debug_aranges
 *(.debug_aranges)

.debug_pubnames
 *(.debug_pubnames)

.debug_info     0x00000000      0x4e6
 *(.debug_info .gnu.linkonce.wi.*)
 .debug_info    0x00000000      0x4e6 C:/avr-toolchain/bin/../lib/gcc/avr/15.1.0/../../../../avr/lib/avr5/crtatmega32.o

.debug_abbrev   0x00000000      0x4a3
 *(.debug_abbrev)
 .debug_abbrev  0x00000000      0x4a3 C:/avr-toolchain/bin/../lib/gcc/avr/15.1.0/../../../../avr/lib/avr5/crtatmega32.o

.debug_line     0x00000000       0x1d
 *(.debug_line .debug_line.* .debug_line_end)
 .debug_line    0x00000000       0x1d C:/avr-toolchain/bin/../lib/gcc/avr/15.1.0/../../../../avr/lib/avr5/crtatmega32.o

.debug_frame
 *(.debug_frame)

.debug_str      0x00000000      0x196
 *(.debug_str)
 .debug_str     0x00000000      0x196 C:/avr-toolchain/bin/../lib/gcc/avr/15.1.0/../../../../avr/lib/avr5/crtatmega32.o

.debug_loc
 *(.debug_loc)

.debug_macinfo
 *(.debug_macinfo)

.debug_weaknames
 *(.debug_weaknames)

.debug_funcnames
 *(.debug_funcnames)

.debug_typenames
 *(.debug_typenames)

.debug_varnames
 *(.debug_varnames)

.debug_pubtypes
 *(.debug_pubtypes)

.debug_ranges
 *(.debug_ranges)

.debug_addr
 *(.debug_addr)

.debug_line_str
 *(.debug_line_str)

.debug_loclists
 *(.debug_loclists)

.debug_macro
 *(.debug_macro)

.debug_names
 *(.debug_names)

.debug_rnglists
 *(.debug_rnglists)

.debug_str_offsets
 *(.debug_str_offsets)

.debug_sup
 *(.debug_sup)
OUTPUT(C:\Users\beshoy\Desktop\fire_detection_project_7\FIRMWARE\release\testing_fire.elf elf32-avr)
LOAD linker stubs
